USERNAME_INPUT updated from ('id', 'username') to (ID, username1)
PASSWORD_INPUT updated from ('id', 'password') to (ID, password1)
USERNAME_INPUT updated from ('id', 'username1') to (ID, username)
PASSWORD_INPUT updated from ('id', 'password1') to (ID, password)
USERNAME_INPUT updated from ('id', 'username1') to (ID, username)
PASSWORD_INPUT updated from ('id', 'password1') to (ID, password)
PASSWORD_INPUT updated from ('id', 'password1') to (ID, password)
USERNAME_INPUT updated from ('id', 'username1') to (ID, username)
PASSWORD_INPUT updated from ('id', 'password1') to (ID, password)
USERNAME_INPUT updated from ('id', 'username1') to (ID, username)
PASSWORD_INPUT updated from ('id', 'password1') to (ID, password)
USERNAME_INPUT updated from ('id', 'username1') to (ID, username)
PASSWORD_INPUT updated from ('id', 'password1') to (ID, password)
STATUS_DROPDOWN updated from ('id', 'status1') to (ID, status)
LOGIN_BUTTON updated from ('id', 'loginBtn1') to (ID, loginBtn)
MESSAGE_TEXT updated from ('id', 'message1') to (ID, #message)
MESSAGE_TEXT updated from ('id', '#message') to (ID, #message)
USERNAME_INPUT updated from ('id', 'username1') to (ID, username)
USERNAME_INPUT updated from ('id', 'username1') to (ID, username)
PASSWORD_INPUT updated from ('id', 'password1') to (ID, password)
STATUS_DROPDOWN updated from ('id', 'status1') to (ID, status)
USERNAME_INPUT updated from ('id', 'username1') to (ID, username)
PASSWORD_INPUT updated from ('id', 'password1') to (ID, password)
STATUS_DROPDOWN updated from ('id', 'status1') to (ID, status)
USERNAME_INPUT updated from ('id', 'username1') to (ID, username)
PASSWORD_INPUT updated from ('id', 'password1') to (ID, password)
STATUS_DROPDOWN updated from ('id', 'status1') to (ID, status)
LOGIN_BUTTON updated from ('id', 'loginBtn1') to (ID, loginBtn)
USERNAME_INPUT updated from ('id', 'username2') to (ID, username)
PASSWORD_INPUT updated from ('id', 'password2') to (ID, password)
STATUS_DROPDOWN updated from ('id', 'status2') to (ID, status)
LOGIN_BUTTON updated from ('id', 'loginBtn2') to (ID, loginBtn)
MESSAGE_TEXT updated from ('id', '#message1') to (ID, #message)
MESSAGE_TEXT updated from ('id', '#message') to (ID, #message)
USERNAME_INPUT updated from ('id', 'username1') to (ID, username)
PASSWORD_INPUT updated from ('id', 'password1') to (ID, password)
STATUS_DROPDOWN updated from ('id', 'status1') to (ID, status)
LOGIN_BUTTON updated from ('id', 'loginBtn1') to (ID, loginBtn)
MESSAGE_TEXT updated from ('id', 'message1') to (ID, #message)
USERNAME_INPUT updated from ('id', 'username1') to (ID, username)
PASSWORD_INPUT updated from ('id', 'password1') to (ID, password)
STATUS_DROPDOWN updated from ('id', 'status1') to (ID, status)
LOGIN_BUTTON updated from ('id', 'loginBtn1') to (ID, loginBtn)
MESSAGE_TEXT updated from ('id', 'message1') to (ID, #message)
MESSAGE_TEXT updated from ('id', 'message1') to (ID, message)
USERNAME_INPUT updated from ('id', 'username1') to (ID, username)
PASSWORD_INPUT updated from ('id', 'password1') to (ID, password)
STATUS_DROPDOWN updated from ('id', 'status1') to (ID, status)
LOGIN_BUTTON updated from ('id', 'loginBtn1') to (ID, loginBtn)
USERNAME_INPUT updated from ('id', 'username1') to (ID, username)
USERNAME_INPUT updated from ('id', 'username1') to (ID, username)
PASSWORD_INPUT updated from ('id', 'password2') to (ID, password)
STATUS_DROPDOWN updated from ('id', 'status3') to (ID, status)
LOGIN_BUTTON updated from ('id', 'loginBtn4') to (ID, loginBtn)
USERNAME_INPUT updated from ('id', 'username1') to (ID, username)
PASSWORD_INPUT updated from ('id', 'password2') to (ID, password)
STATUS_DROPDOWN updated from ('id', 'status3') to (ID, status)
USERNAME_INPUT updated from ('id', 'username4') to (ID, username)
PASSWORD_INPUT updated from ('id', 'password3') to (ID, password)
STATUS_DROPDOWN updated from ('id', 'status2') to (ID, status)
LOGIN_BUTTON updated from ('id', 'loginBtn1') to (ID, loginBtn)
LOGIN_BUTTON updated from ('id', 'loginBtn1') to (ID, loginBtn)
LOGIN_BUTTON updated from ('id', 'loginBtn1') to (ID, loginBtn)
LOGIN_BUTTON updated from ('id', 'loginBtn1') to (ID, loginBtn)
LOGIN_BUTTON updated from ('id', 'loginBtn1') to (ID, loginBtn)
LOGIN_BUTTON updated from ('id', 'loginBtn1') to (ID, loginBtn)
LOGIN_BUTTON updated from ('id', 'loginBtn1') to (ID, loginBtn)
LOGIN_BUTTON updated from ('id', 'loginBtn1') to (ID, loginBtn)
LOGIN_BUTTON updated from ('id', 'loginBtn1') to (ID, loginBtn)
LOGIN_BUTTON updated from ('id', 'loginBtn1') to (ID, loginBtn)
LOGIN_BUTTON updated from ('id', 'loginBtn1') to (ID, loginBtn)
USERNAME_INPUT updated from ('id', 'username1') to (ID, username)
PASSWORD_INPUT updated from ('id', 'password1') to (ID, password)
STATUS_DROPDOWN updated from ('id', 'status1') to (ID, status)
USERNAME_INPUT updated from ('id', 'username1') to (ID, username)
PASSWORD_INPUT updated from ('id', 'password1') to (ID, password)
STATUS_DROPDOWN updated from ('id', 'status1') to (ID, status)
LOGIN_BUTTON updated from ('id', 'loginBtn1') to (ID, loginBtn)
